// Jest Snapshot v1, https://goo.gl/fbAQLP

exports[`should render ExpenseListItem correctly 1`] = `
<div>
  <h3>
    Gum
  </h3>
  <p>
    195
     - 
    0
  </p>
  <[object Object]
    to="edit/1"
  >
    Edit
  </[object Object]>
</div>
`;
